Body
ExpressionLine
AssignExpression
Assign
IdentifierAssignable
Identifier
Literal
obj1
ValueExpression
AssignableValue
ObjAssignable
Object
AssignList
AssignObj
IdentifierObjAssignable
Identifier
Literal
a
ValueExpression
AssignableValue
ArrayAssignable
Array
ArgList
ValueExpression
LiteralValue
Literal
0
ValueExpression
LiteralValue
Literal
0
AssignObj
IdentifierObjAssignable
Identifier
Literal
b
ValueExpression
LiteralValue
Literal
1
AssignObj
IdentifierObjAssignable
Identifier
Literal
c
ValueExpression
AssignableValue
IdentifierAssignable
Identifier
Literal
print
ExpressionLine
AssignExpression
Assign
IdentifierAssignable
Identifier
Literal
obj2
ValueExpression
AssignableValue
ObjAssignable
Object
AssignList
AssignObj
IdentifierObjAssignable
Identifier
Literal
a
CodeExpression
Code
ParamList
Identifier
Literal
x
Identifier
Literal
y
Block
Body
StatementLine
ReturnStatement
Return
OperationExpression
Binop
ValueLop
AssignableValue
IdentifierAssignable
Identifier
Literal
x
OP
ValueExpression
AssignableValue
IdentifierAssignable
Identifier
Literal
y
AssignObj
IdentifierObjAssignable
Identifier
Literal
b
CodeExpression
Code
ParamList
Identifier
Literal
x
Block
Body
ExpressionLine
IfExpression
IfElse
IfBlock
OperationExpression
Binop
ValueLop
AssignableValue
IdentifierAssignable
Identifier
Literal
x
OP
ValueExpression
LiteralValue
Literal
1
Block
Body
ExpressionLine
AssignExpression
Assign
IdentifierAssignable
Identifier
Literal
x
ValueExpression
LiteralValue
Literal
2
Block
Body
ExpressionLine
AssignExpression
Assign
IdentifierAssignable
Identifier
Literal
x
ValueExpression
LiteralValue
Literal
3
AssignObj
IdentifierObjAssignable
Identifier
Literal
c
ValueExpression
AssignableValue
ArrayAssignable
Array
ArgList
ValueExpression
LiteralValue
Literal
1
ValueExpression
LiteralValue
Literal
2
