Body
ExpressionLine
InvocationExpression
Invocation
AssignableValue
IdentifierAssignable
Identifier
Literal
a
Arguments
ArgList
ValueExpression
LiteralValue
Literal
1
ValueExpression
LiteralValue
Literal
2
ExpressionLine
InvocationExpression
Invocation
AssignableValue
ValueAccessorAssignable
AssignableValue
IdentifierAssignable
Identifier
Literal
a
DotAccessor
Identifier
Literal
c
Arguments
ArgList
ValueExpression
AssignableValue
IdentifierAssignable
Identifier
Literal
a
ValueExpression
AssignableValue
IdentifierAssignable
Identifier
Literal
c
ExpressionLine
InvocationExpression
Invocation
AssignableValue
IdentifierAssignable
Identifier
Literal
b
Arguments
ArgList
