Body
ExpressionLine
ForExpression
For
ForBody
ForStart
ForVar
Identifier
Literal
a
ValueExpression
AssignableValue
ArrayAssignable
Array
ArgList
ValueExpression
LiteralValue
Literal
1
ValueExpression
LiteralValue
Literal
2
ValueExpression
LiteralValue
Literal
3
Block
Body
ExpressionLine
AssignExpression
Assign
IdentifierAssignable
Identifier
Literal
b
ValueExpression
AssignableValue
IdentifierAssignable
Identifier
Literal
a
ExpressionLine
ForExpression
For
ForBody
ForStart
ForVar
Identifier
Literal
b
ValueExpression
AssignableValue
ArrayAssignable
Array
ArgList
ValueExpression
LiteralValue
Literal
1
ValueExpression
LiteralValue
Literal
2
Block
Body
ExpressionLine
AssignExpression
Assign
IdentifierAssignable
Identifier
Literal
c
ValueExpression
AssignableValue
IdentifierAssignable
Identifier
Literal
b
