Body
ExpressionLine
AssignExpression
Assign
IdentifierAssignable
Identifier
Literal
a
ValueExpression
ParentheticalValue
Parenthetical
Body
ExpressionLine
OperationExpression
Binop
ValueLop
LiteralValue
Literal
1
OP
ValueExpression
LiteralValue
Literal
2
ExpressionLine
AssignExpression
Assign
IdentifierAssignable
Identifier
Literal
a
AssignExpression
Assign
IdentifierAssignable
Identifier
Literal
b
AssignExpression
Assign
IdentifierAssignable
Identifier
Literal
c
ValueExpression
LiteralValue
Literal
1
ExpressionLine
AssignExpression
Assign
ThisPropertyAssignable
ThisProperty
Identifier
Literal
a
ValueExpression
LiteralValue
Literal
3
