Body
ExpressionLine
AssignExpression
Assign
IdentifierAssignable
Identifier
Literal
a
ValueExpression
AssignableValue
ArrayAssignable
Array
ArgList
ValueExpression
LiteralValue
Literal
1
ValueExpression
LiteralValue
Literal
2
ValueExpression
LiteralValue
Literal
3
ExpressionLine
AssignExpression
Assign
IdentifierAssignable
Identifier
Literal
b
ValueExpression
AssignableValue
ValueAccessorAssignable
AssignableValue
IdentifierAssignable
Identifier
Literal
a
IndexAccessor
Index
IndexValue
Literal
1
ExpressionLine
AssignExpression
Assign
IdentifierAssignable
Identifier
Literal
c
ValueExpression
AssignableValue
ArrayAssignable
Array
ArgList
ValueExpression
AssignableValue
IdentifierAssignable
Identifier
Literal
a
ValueExpression
LiteralValue
Literal
2
OperationExpression
Binop
ValueLop
AssignableValue
IdentifierAssignable
Identifier
Literal
b
OP
ValueExpression
LiteralValue
Literal
1
