Body
ExpressionLine
OperationExpression
Binop
InvocationLop
Invocation
AssignableValue
ValueAccessorAssignable
AssignableValue
IdentifierAssignable
Identifier
Literal
a
DotAccessor
Identifier
Literal
b
Arguments
ArgList
OP
ValueExpression
LiteralValue
Literal
1
ExpressionLine
OperationExpression
Binop
ValueLop
AssignableValue
IdentifierAssignable
Identifier
Literal
a
OP
OperationExpression
Binop
ValueLop
AssignableValue
IdentifierAssignable
Identifier
Literal
b
OP
ValueExpression
AssignableValue
IdentifierAssignable
Identifier
Literal
c
ExpressionLine
OperationExpression
Binop
ValueLop
ParentheticalValue
Parenthetical
Body
ExpressionLine
ValueExpression
AssignableValue
IdentifierAssignable
Identifier
Literal
a
OP
ValueExpression
AssignableValue
IdentifierAssignable
Identifier
Literal
b
ExpressionLine
OperationExpression
Neg
ValueExpression
AssignableValue
IdentifierAssignable
Identifier
Literal
d
