Body
ExpressionLine
IfExpression
IfOnly
IfBlock
OperationExpression
Binop
ValueLop
AssignableValue
IdentifierAssignable
Identifier
Literal
a
OP
ValueExpression
LiteralValue
Literal
1
Block
Body
ExpressionLine
AssignExpression
Assign
IdentifierAssignable
Identifier
Literal
a
OperationExpression
Binop
ValueLop
AssignableValue
IdentifierAssignable
Identifier
Literal
a
OP
ValueExpression
LiteralValue
Literal
1
ExpressionLine
IfExpression
IfElse
IfBlock
OperationExpression
Binop
ValueLop
AssignableValue
IdentifierAssignable
Identifier
Literal
a
OP
ValueExpression
LiteralValue
Literal
2
Block
Body
ExpressionLine
AssignExpression
Assign
IdentifierAssignable
Identifier
Literal
a
OperationExpression
Binop
ValueLop
AssignableValue
IdentifierAssignable
Identifier
Literal
a
OP
ValueExpression
LiteralValue
Literal
1
Block
Body
ExpressionLine
AssignExpression
Assign
IdentifierAssignable
Identifier
Literal
a
OperationExpression
Binop
ValueLop
AssignableValue
IdentifierAssignable
Identifier
Literal
a
OP
ValueExpression
LiteralValue
Literal
2
ExpressionLine
IfExpression
IfElse
IfBlockSeq
IfBlock
OperationExpression
Binop
ValueLop
AssignableValue
IdentifierAssignable
Identifier
Literal
a
OP
ValueExpression
LiteralValue
Literal
2
Block
Body
ExpressionLine
AssignExpression
Assign
IdentifierAssignable
Identifier
Literal
b
ValueExpression
LiteralValue
Literal
"dfs"
OperationExpression
Binop
ValueLop
AssignableValue
IdentifierAssignable
Identifier
Literal
a
OP
ValueExpression
LiteralValue
Literal
0
Block
Body
ExpressionLine
AssignExpression
Assign
IdentifierAssignable
Identifier
Literal
b
ValueExpression
LiteralValue
Literal
"sdf"
Block
Body
ExpressionLine
AssignExpression
Assign
IdentifierAssignable
Identifier
Literal
b
ValueExpression
LiteralValue
Literal
"sdd"
