Body
ExpressionLine
CodeExpression
Code
ParamList
Block
Body
ExpressionLine
InvocationExpression
Invocation
AssignableValue
IdentifierAssignable
Identifier
Literal
print
Arguments
ArgList
ValueExpression
AssignableValue
IdentifierAssignable
Identifier
Literal
a
ExpressionLine
CodeExpression
Code
ParamList
Identifier
Literal
a
Identifier
Literal
b
Block
Body
ExpressionLine
AssignExpression
Assign
IdentifierAssignable
Identifier
Literal
c
OperationExpression
Binop
ValueLop
AssignableValue
IdentifierAssignable
Identifier
Literal
a
OP
ValueExpression
AssignableValue
IdentifierAssignable
Identifier
Literal
b
StatementLine
ReturnStatement
Return
OperationExpression
Binop
ValueLop
AssignableValue
IdentifierAssignable
Identifier
Literal
c
OP
ValueExpression
LiteralValue
Literal
1
