Body
ExpressionLine
WhileExpression
While
WhileSource
OperationExpression
Binop
ValueLop
AssignableValue
IdentifierAssignable
Identifier
Literal
a
OP
ValueExpression
LiteralValue
Literal
2
Block
Body
ExpressionLine
AssignExpression
Assign
IdentifierAssignable
Identifier
Literal
b
OperationExpression
Binop
ValueLop
AssignableValue
IdentifierAssignable
Identifier
Literal
b
OP
ValueExpression
LiteralValue
Literal
1
ExpressionLine
OperationExpression
Binop
ValueLop
LiteralValue
Literal
1
OP
ValueExpression
LiteralValue
Literal
2
