Body
StatementLine
ReturnStatement
Return
OperationExpression
Binop
ValueLop
AssignableValue
IdentifierAssignable
Identifier
Literal
a
OP
ValueExpression
LiteralValue
Literal
1
StatementLine
LiteralStatement
Literal
break
StatementLine
LiteralStatement
Literal
continue
