ID<a> 
ASSIGN 
NUM<1.000000> 
TERMINATOR 
INDENT 
ID<b> 
ASSIGN 
NUM<2.000000> 
TERMINATOR 
INDENT 
ID<c> 
ASSIGN 
NUM<3.000000> 
TERMINATOR 
INDENT 
ID<d> 
ASSIGN 
NUM<4.000000> 
TERMINATOR 
DEDENT 
DEDENT 
ID<e> 
ASSIGN 
NUM<5.000000> 
TERMINATOR 
DEDENT 
ID<f> 
ASSIGN 
NUM<6.000000> 
TERMINATOR 
