IDENTIFIER<square>
ASSIGN
LBRACE
TERMINATOR
INDENT
IDENTIFIER<run>
COLON
IDENTIFIER<circle>
TERMINATOR
IDENTIFIER<pos>
COLON
LBK
NUM<2.000000>
COMMA
NUM<5.000000>
RBK
TERMINATOR
IDENTIFIER<vec>
COLON
LBK
NUM<1.000000>
COMMA
NUM<1.000000>
RBK
TERMINATOR
IDENTIFIER<delay>
COLON
NUM<5.000000>
TERMINATOR
OUTDENT
RBRACE
TERMINATOR