IDENTIFIER<move_forward>
ASSIGN
LPAREN
IDENTIFIER<l>
RPAREN
ARROW
TERMINATOR
INDENT
IF
THIS
IDENTIFIER<pos>
AND
THIS
IDENTIFIER<vec>
TERMINATOR
IDENTIFIER<a>
ASSIGN
IDENTIFIER<math>
DOT
IDENTIFIER<atan>
LPAREN
THIS
IDENTIFIER<vec>
LBK
NUM<0.000000>
RBK
COMMA
THIS
IDENTIFIER<vec>
LBK
NUM<1.000000>
RBK
RPAREN
TERMINATOR
THIS
IDENTIFIER<pos>
LBK
NUM<0.000000>
RBK
PLUS
ASSIGN
IDENTIFIER<math>
DOT
IDENTIFIER<cos>
LPAREN
IDENTIFIER<angle>
RPAREN
TIMES
IDENTIFIER<l>
TERMINATOR
THIS
IDENTIFIER<pos>
LBK
NUM<1.000000>
RBK
PLUS
ASSIGN
IDENTIFIER<math>
DOT
IDENTIFIER<sin>
LPAREN
IDENTIFIER<angle>
RPAREN
TIMES
IDENTIFIER<l>
TERMINATOR
OUTDENT
RETURN
TERMINATOR