IF
LPAREN
IDENTIFIER<a>
EQ
NUM<1.000000>
RPAREN
TERMINATOR
INDENT
IF
LPAREN
IDENTIFIER<b>
AND
IDENTIFIER<c>
RPAREN
TERMINATOR
INDENT
IDENTIFIER<d>
ASSIGN
IDENTIFIER<a>
PLUS
IDENTIFIER<b>
TERMINATOR
WHILE
LPAREN
IDENTIFIER<a>
GT
NUM<0.000000>
RPAREN
TERMINATOR
INDENT
IDENTIFIER<b>
ASSIGN
IDENTIFIER<a>
TIMES
NUM<2.000000>
TERMINATOR
IDENTIFIER<a>
ASSIGN
IDENTIFIER<a>
MINUS
NUM<1.000000>
TERMINATOR
OUTDENT
OUTDENT
IDENTIFIER<a>
ASSIGN
IDENTIFIER<d>
DIVIDE
NUM<3.000000>
TERMINATOR
OUTDENT
RETURN
TERMINATOR