IDENTIFIER<square>
ASSIGN
LBRACE
TERMINATOR
INDENT
IDENTIFIER<str>
COLON
STRING<"\thello world!\tI'm a square">
TERMINATOR
IDENTIFIER<run>
COLON
IDENTIFIER<circle>
TERMINATOR
IDENTIFIER<pos>
COLON
LBK
NUM<-2.5e1>
COMMA
NUM<5>
RBK
TERMINATOR
IDENTIFIER<vec>
COLON
LBK
NUM<1>
COMMA
NUM<1>
RBK
TERMINATOR
IDENTIFIER<delay>
COLON
NUM<5>
TERMINATOR
OUTDENT
RBRACE
EOF