IDENTIFIER<move_forward>
ASSIGN
FUN
LPAREN
IDENTIFIER<l>
RPAREN
ARROW
INDENT
IF
THIS
IDENTIFIER<pos>
AND
THIS
IDENTIFIER<vec>
TERMINATOR
IDENTIFIER<a>
ASSIGN
IDENTIFIER<math>
DOT
IDENTIFIER<atan>
LPAREN
THIS
IDENTIFIER<vec>
LBK
NUM<0>
RBK
COMMA
THIS
IDENTIFIER<vec>
LBK
NUM<1>
RBK
RPAREN
TERMINATOR
THIS
IDENTIFIER<pos>
LBK
NUM<0>
RBK
ASSIGN
IDENTIFIER<math>
DOT
IDENTIFIER<cos>
LPAREN
IDENTIFIER<angle>
RPAREN
TIMES
IDENTIFIER<l>
TERMINATOR
THIS
IDENTIFIER<pos>
LBK
NUM<1>
RBK
ASSIGN
IDENTIFIER<math>
DOT
IDENTIFIER<sin>
LPAREN
IDENTIFIER<angle>
RPAREN
TIMES
IDENTIFIER<l>
OUTDENT
TERMINATOR
RETURN
TERMINATOR
EOF