IF
LPAREN
IDENTIFIER<a>
EQ
NUM<1>
RPAREN
TERMINATOR
INDENT
IF
LPAREN
IDENTIFIER<b>
AND
IDENTIFIER<c>
RPAREN
TERMINATOR
INDENT
IDENTIFIER<d>
ASSIGN
IDENTIFIER<a>
PLUS
IDENTIFIER<b>
TERMINATOR
WHILE
LPAREN
IDENTIFIER<a>
NEQ
NUM<0>
RPAREN
TERMINATOR
INDENT
IDENTIFIER<b>
ASSIGN
IDENTIFIER<a>
TIMES
NUM<2>
TERMINATOR
IDENTIFIER<a>
ASSIGN
IDENTIFIER<a>
MINUS
NUM<1>
TERMINATOR
OUTDENT
OUTDENT
IDENTIFIER<a>
ASSIGN
IDENTIFIER<d>
DIVIDE
NUM<3>
TERMINATOR
OUTDENT
RETURN
TERMINATOR
EOF